Affichage
Affichage
Affichage
Affichage
Affichage
Affichage
Affichage
Affichage
Affichage
Affichage
