Affichage
Affichage
Affichage
Affichage
Affichage
Affichage
Affichage
Affichage
Affichage
Affichage
10
