1856.75976562
1856.75976562
-6.50000000
69
69
-86
