Retour de fonction
Programme correctement compil√©
