Déclaration
Déclaration
Affectation
Déclaration
Affectation
Affectation
Affectation
Déclaration
Retour de fonction
Programme correctement compilé
