Nouvelle valeur par 8.000000 + 1.000000 : 9.000000
Nouvelle valeur par 5.000000 * 9.000000 : 45.000000
Nouvelle valeur par 9.000000 - 8.000000 : 1.000000
Nouvelle valeur par 46.000000 / 3.000000 : 15.333333
Programme correctement compil√©
